// Jest Snapshot v1, https://goo.gl/fbAQLP

exports[`run run in folder 1`] = `"It works!"`;
