// Jest Snapshot v1, https://goo.gl/fbAQLP

exports[`test run all tests 1`] = `
Array [
  "[42m[37mPASS[39m[49m [32mBasic[39m",
  "[42m[37mPASS[39m[49m [32mTable equality[39m",
  "",
  "Total tests: 11",
  "Failed tests: 0",
]
`;

exports[`test run all tests 2`] = `undefined`;

exports[`test run all tests that fail 1`] = `
Array [
  "[41m[37mFAIL[39m[49m [31mFailures[39m",
  "[1m[31m    â€¢ not to be falsy[39m[22m",
  "[31mnot expecting false to be falsy[39m",
  "",
  "[1m[31m    â€¢ not to be nil[39m[22m",
  "[31mnot expecting nil to be nil[39m",
  "",
  "[1m[31m    â€¢ tables equal[39m[22m",
  "[31mexpecting values to match[39m",
  "",
  "{	\\"number\\" = 2	\\"subtable\\" = {		\\"a\\" = true",
  "[31m[-] 	}[39m",
  "[32m[+] 		\\"b\\" = false[39m",
  "",
  "[31m[-] 	\\"text\\" = \\"2\\"[39m",
  "[32m[+] 	}[39m",
  "[32m[+] [39m",
  "[32m[+] 	\\"text\\" = \\"3\\"[39m",
  "}",
  "[1m[31m    â€¢ to be[39m[22m",
  "[31mexpecting 2 to be 4[39m",
  "",
  "[1m[31m    â€¢ to be falsy[39m[22m",
  "[31mexpecting true to be falsy[39m",
  "",
  "[1m[31m    â€¢ to be nil[39m[22m",
  "[31mexpecting true to be nil[39m",
  "",
  "[1m[31m    â€¢ to be truthy[39m[22m",
  "[31mexpecting false to be truthy[39m",
  "",
  "",
  "Total tests: 7",
  "Failed tests: 7",
]
`;

exports[`test run all tests that fail 2`] = `[Error: 7 tests failed.]`;

exports[`test run tests with hooks 1`] = `
Array [
  "[42m[37mPASS[39m[49m [32mHooks[39m",
  "",
  "Total tests: 1",
  "Failed tests: 0",
]
`;

exports[`test run tests with hooks 2`] = `undefined`;

exports[`test run tests with print 1`] = `
Array [
  "[42m[37mPASS[39m[49m [32mPrint[39m",
  "    â€¢ print() in print toSnapshot array",
  "{",
  "	\\"1\\" = 1",
  "	\\"2\\" = 2",
  "	\\"3\\" = 3",
  "	\\"4\\" = \\"some string\\"}",
  "",
  "    â€¢ print() in print toSnapshot table",
  "{",
  "	\\"func\\" = function: ec1bd8cb",
  "	\\"number\\" = 2",
  "	\\"string\\" = \\"str\\"",
  "	\\"subtable\\" = {",
  "	",
  "	\\"exists\\" = true",
  "	}}",
  "",
  "",
  "Total tests: 2",
  "Failed tests: 0",
]
`;

exports[`test run tests with print 2`] = `undefined`;

exports[`test run tests with traceback 1`] = `
Array [
  "[41m[37mFAIL[39m[49m [31mTraceback in hooks[39m",
  "[1m[31m    â€¢ Traceback in hooks.afterAll[39m[22m",
  "[31mError in hook Traceback in hooks.afterAll: traceback.test.lua.tmp.bundle:36: Custom error in afterAllstack traceback:[39m",
  "[31m	startup.lua:522: in function 'error'[39m",
  "[31m	traceback.test.lua.tmp.bundle:36: in function <traceback.test.lua.tmp.bundle:35>[39m",
  "[31m	(...tail calls...)[39m",
  "[31m	[C]: in function 'xpcall'[39m",
  "[31m	startup.lua:514: in local 'runAll'[39m",
  "[31m	startup.lua:592: in field 'run'[39m",
  "[31m	startup.lua:720: in function <startup.lua:713>[39m",
  "[31m	[C]: in function 'pcall'[39m",
  "[31m	startup.lua:757: in local 'impl'[39m",
  "[31m	startup.lua:30: in local '__define__'[39m",
  "[31m	startup.lua:734: in main chunk[39m",
  "[31m	[C]: in function 'pcall'[39m",
  "[31m	bios.lua:528: in field 'run'[39m",
  "[31m	shell.lua:82: in function <shell.lua:62>[39m",
  "[31m	(...tail calls...)[39m",
  "[31m	startup.lua:178: in main chunk[39m",
  "[31m	[C]: in function 'pcall'[39m",
  "[31m	bios.lua:528: in field 'run'[39m",
  "[31m	shell.lua:82: in function <shell.lua:62>[39m",
  "[31m	(...tail calls...)[39m",
  "[31m	shell.lua:591: in main chunk[39m",
  "[31m	[C]: in function 'pcall'[39m",
  "[31m	bios.lua:528: in field 'run'[39m",
  "[31m	multishell.lua:81: in function <multishell.lua:80>[39m",
  "",
  "[1m[31m    â€¢ Traceback in hooks.afterEach[39m[22m",
  "[31mError in hook Traceback in hooks.afterEach: traceback.test.lua.tmp.bundle:32: Custom error in afterEachstack traceback:[39m",
  "[31m	startup.lua:522: in function 'error'[39m",
  "[31m	traceback.test.lua.tmp.bundle:32: in function <traceback.test.lua.tmp.bundle:31>[39m",
  "[31m	(...tail calls...)[39m",
  "[31m	[C]: in function 'xpcall'[39m",
  "[31m	startup.lua:514: in local 'runAll'[39m",
  "[31m	startup.lua:586: in field 'run'[39m",
  "[31m	startup.lua:720: in function <startup.lua:713>[39m",
  "[31m	[C]: in function 'pcall'[39m",
  "[31m	startup.lua:757: in local 'impl'[39m",
  "[31m	startup.lua:30: in local '__define__'[39m",
  "[31m	startup.lua:734: in main chunk[39m",
  "[31m	[C]: in function 'pcall'[39m",
  "[31m	bios.lua:528: in field 'run'[39m",
  "[31m	shell.lua:82: in function <shell.lua:62>[39m",
  "[31m	(...tail calls...)[39m",
  "[31m	startup.lua:178: in main chunk[39m",
  "[31m	[C]: in function 'pcall'[39m",
  "[31m	bios.lua:528: in field 'run'[39m",
  "[31m	shell.lua:82: in function <shell.lua:62>[39m",
  "[31m	(...tail calls...)[39m",
  "[31m	shell.lua:591: in main chunk[39m",
  "[31m	[C]: in function 'pcall'[39m",
  "[31m	bios.lua:528: in field 'run'[39m",
  "[31m	multishell.lua:81: in function <multishell.lua:80>[39m",
  "",
  "[1m[31m    â€¢ Traceback in hooks.beforeAll[39m[22m",
  "[31mError in hook Traceback in hooks.beforeAll: traceback.test.lua.tmp.bundle:24: Custom error in beforeAllstack traceback:[39m",
  "[31m	startup.lua:522: in function 'error'[39m",
  "[31m	traceback.test.lua.tmp.bundle:24: in function <traceback.test.lua.tmp.bundle:23>[39m",
  "[31m	(...tail calls...)[39m",
  "[31m	[C]: in function 'xpcall'[39m",
  "[31m	startup.lua:514: in local 'runAll'[39m",
  "[31m	startup.lua:576: in field 'run'[39m",
  "[31m	startup.lua:720: in function <startup.lua:713>[39m",
  "[31m	[C]: in function 'pcall'[39m",
  "[31m	startup.lua:757: in local 'impl'[39m",
  "[31m	startup.lua:30: in local '__define__'[39m",
  "[31m	startup.lua:734: in main chunk[39m",
  "[31m	[C]: in function 'pcall'[39m",
  "[31m	bios.lua:528: in field 'run'[39m",
  "[31m	shell.lua:82: in function <shell.lua:62>[39m",
  "[31m	(...tail calls...)[39m",
  "[31m	startup.lua:178: in main chunk[39m",
  "[31m	[C]: in function 'pcall'[39m",
  "[31m	bios.lua:528: in field 'run'[39m",
  "[31m	shell.lua:82: in function <shell.lua:62>[39m",
  "[31m	(...tail calls...)[39m",
  "[31m	shell.lua:591: in main chunk[39m",
  "[31m	[C]: in function 'pcall'[39m",
  "[31m	bios.lua:528: in field 'run'[39m",
  "[31m	multishell.lua:81: in function <multishell.lua:80>[39m",
  "",
  "[1m[31m    â€¢ Traceback in hooks.beforeEach[39m[22m",
  "[31mError in hook Traceback in hooks.beforeEach: traceback.test.lua.tmp.bundle:28: Custom error in beforeEachstack traceback:[39m",
  "[31m	startup.lua:522: in function 'error'[39m",
  "[31m	traceback.test.lua.tmp.bundle:28: in function <traceback.test.lua.tmp.bundle:27>[39m",
  "[31m	(...tail calls...)[39m",
  "[31m	[C]: in function 'xpcall'[39m",
  "[31m	startup.lua:514: in local 'runAll'[39m",
  "[31m	startup.lua:582: in field 'run'[39m",
  "[31m	startup.lua:720: in function <startup.lua:713>[39m",
  "[31m	[C]: in function 'pcall'[39m",
  "[31m	startup.lua:757: in local 'impl'[39m",
  "[31m	startup.lua:30: in local '__define__'[39m",
  "[31m	startup.lua:734: in main chunk[39m",
  "[31m	[C]: in function 'pcall'[39m",
  "[31m	bios.lua:528: in field 'run'[39m",
  "[31m	shell.lua:82: in function <shell.lua:62>[39m",
  "[31m	(...tail calls...)[39m",
  "[31m	startup.lua:178: in main chunk[39m",
  "[31m	[C]: in function 'pcall'[39m",
  "[31m	bios.lua:528: in field 'run'[39m",
  "[31m	shell.lua:82: in function <shell.lua:62>[39m",
  "[31m	(...tail calls...)[39m",
  "[31m	shell.lua:591: in main chunk[39m",
  "[31m	[C]: in function 'pcall'[39m",
  "[31m	bios.lua:528: in field 'run'[39m",
  "[31m	multishell.lua:81: in function <multishell.lua:80>[39m",
  "",
  "[41m[37mFAIL[39m[49m [31mTraceback in suite[39m",
  "[1m[31m    â€¢ [39m[22m",
  "[31mError in Traceback in suite: traceback.test.lua.tmp.bundle:17: Custom error in suitestack traceback:[39m",
  "[31m	startup.lua:672: in function 'error'[39m",
  "[31m	traceback.test.lua.tmp.bundle:17: in function <traceback.test.lua.tmp.bundle:15>[39m",
  "[31m	(...tail calls...)[39m",
  "[31m	[C]: in function 'xpcall'[39m",
  "[31m	startup.lua:664: in function 'describe'[39m",
  "[31m	traceback.test.lua.tmp.bundle:15: in local 'impl'[39m",
  "[31m	traceback.test.lua.tmp.bundle:9: in local '__define__'[39m",
  "[31m	traceback.test.lua.tmp.bundle:13: in main chunk[39m",
  "[31m	[C]: in function 'pcall'[39m",
  "[31m	bios.lua:528: in field 'run'[39m",
  "[31m	startup.lua:747: in local 'impl'[39m",
  "[31m	...[39m",
  "[31m	[C]: in function 'pcall'[39m",
  "[31m	bios.lua:528: in field 'run'[39m",
  "[31m	shell.lua:82: in function <shell.lua:62>[39m",
  "[31m	(...tail calls...)[39m",
  "[31m	startup.lua:178: in main chunk[39m",
  "[31m	[C]: in function 'pcall'[39m",
  "[31m	bios.lua:528: in field 'run'[39m",
  "[31m	shell.lua:82: in function <shell.lua:62>[39m",
  "[31m	(...tail calls...)[39m",
  "[31m	shell.lua:591: in main chunk[39m",
  "[31m	[C]: in function 'pcall'[39m",
  "[31m	bios.lua:528: in field 'run'[39m",
  "[31m	multishell.lua:81: in function <multishell.lua:80>[39m",
  "",
  "[41m[37mFAIL[39m[49m [31mTraceback in test[39m",
  "[1m[31m    â€¢ traceback[39m[22m",
  "[31mError in test Traceback in test.traceback: traceback.test.lua.tmp.bundle:47: Custom error in teststack traceback:[39m",
  "[31m	startup.lua:554: in function 'error'[39m",
  "[31m	traceback.test.lua.tmp.bundle:47: in function <traceback.test.lua.tmp.bundle:46>[39m",
  "[31m	(...tail calls...)[39m",
  "[31m	[C]: in function 'xpcall'[39m",
  "[31m	startup.lua:543: in local 'runTest'[39m",
  "[31m	startup.lua:584: in field 'run'[39m",
  "[31m	startup.lua:720: in function <startup.lua:713>[39m",
  "[31m	[C]: in function 'pcall'[39m",
  "[31m	startup.lua:757: in local 'impl'[39m",
  "[31m	startup.lua:30: in local '__define__'[39m",
  "[31m	startup.lua:734: in main chunk[39m",
  "[31m	[C]: in function 'pcall'[39m",
  "[31m	bios.lua:528: in field 'run'[39m",
  "[31m	shell.lua:82: in function <shell.lua:62>[39m",
  "[31m	(...tail calls...)[39m",
  "[31m	startup.lua:178: in main chunk[39m",
  "[31m	[C]: in function 'pcall'[39m",
  "[31m	bios.lua:528: in field 'run'[39m",
  "[31m	shell.lua:82: in function <shell.lua:62>[39m",
  "[31m	(...tail calls...)[39m",
  "[31m	shell.lua:591: in main chunk[39m",
  "[31m	[C]: in function 'pcall'[39m",
  "[31m	bios.lua:528: in field 'run'[39m",
  "[31m	multishell.lua:81: in function <multishell.lua:80>[39m",
  "",
  "",
  "Total tests: 2",
  "Failed tests: 1",
]
`;

exports[`test run tests with traceback 2`] = `[Error: 1 tests failed.]`;
